mtp.fc_embedding.weight 100%
mtp.fc_hidden.weight 100%
mtp.hyper_connection_mixer.hc_norm.weight 100%
mtp.hyper_connection_mixer.input_mix_weight_down.weight 100%
mtp.hyper_connection_mixer.input_mix_weight_up.weight 100%
mtp.layers.0.attn_hyper_connection.block_inject_weight.weight 100%
mtp.layers.0.attn_hyper_connection.hc_norm.weight 100%
mtp.layers.0.attn_hyper_connection.input_mix_weight_down.weight 100%
mtp.layers.0.attn_hyper_connection.input_mix_weight_up.weight 100%
mtp.layers.0.mlp.experts.down_proj 4%
mtp.layers.0.mlp.experts.down_proj 8%
mtp.layers.0.mlp.experts.down_proj 12%
mtp.layers.0.mlp.experts.down_proj 16%
mtp.layers.0.mlp.experts.down_proj 20%
mtp.layers.0.mlp.experts.down_proj 24%
mtp.layers.0.mlp.experts.down_proj 28%
mtp.layers.0.mlp.experts.down_proj 32%
mtp.layers.0.mlp.experts.down_proj 36%
mtp.layers.0.mlp.experts.down_proj 40%
mtp.layers.0.mlp.experts.down_proj 44%
mtp.layers.0.mlp.experts.down_proj 48%
mtp.layers.0.mlp.experts.down_proj 52%
mtp.layers.0.mlp.experts.down_proj 56%
mtp.layers.0.mlp.experts.down_proj 60%
mtp.layers.0.mlp.experts.down_proj 64%
mtp.layers.0.mlp.experts.down_proj 68%
mtp.layers.0.mlp.experts.down_proj 72%
mtp.layers.0.mlp.experts.down_proj 76%
mtp.layers.0.mlp.experts.down_proj 80%
mtp.layers.0.mlp.experts.down_proj 84%
mtp.layers.0.mlp.experts.down_proj 88%
mtp.layers.0.mlp.experts.down_proj 92%
mtp.layers.0.mlp.experts.down_proj 96%
mtp.layers.0.mlp.experts.down_proj 100%
mtp.layers.0.mlp.experts.gate_up_proj 2%
mtp.layers.0.mlp.experts.gate_up_proj 4%
mtp.layers.0.mlp.experts.gate_up_proj 6%
mtp.layers.0.mlp.experts.gate_up_proj 8%
mtp.layers.0.mlp.experts.gate_up_proj 10%
mtp.layers.0.mlp.experts.gate_up_proj 12%
mtp.layers.0.mlp.experts.gate_up_proj 14%
mtp.layers.0.mlp.experts.gate_up_proj 16%
mtp.layers.0.mlp.experts.gate_up_proj 18%
mtp.layers.0.mlp.experts.gate_up_proj 20%
mtp.layers.0.mlp.experts.gate_up_proj 22%
mtp.layers.0.mlp.experts.gate_up_proj 24%
mtp.layers.0.mlp.experts.gate_up_proj 26%
mtp.layers.0.mlp.experts.gate_up_proj 28%
mtp.layers.0.mlp.experts.gate_up_proj 30%
mtp.layers.0.mlp.experts.gate_up_proj 32%
mtp.layers.0.mlp.experts.gate_up_proj 34%
mtp.layers.0.mlp.experts.gate_up_proj 36%
mtp.layers.0.mlp.experts.gate_up_proj 38%
mtp.layers.0.mlp.experts.gate_up_proj 40%
mtp.layers.0.mlp.experts.gate_up_proj 42%
mtp.layers.0.mlp.experts.gate_up_proj 44%
mtp.layers.0.mlp.experts.gate_up_proj 46%
mtp.layers.0.mlp.experts.gate_up_proj 48%
mtp.layers.0.mlp.experts.gate_up_proj 50%
mtp.layers.0.mlp.experts.gate_up_proj 52%
mtp.layers.0.mlp.experts.gate_up_proj 54%
mtp.layers.0.mlp.experts.gate_up_proj 56%
mtp.layers.0.mlp.experts.gate_up_proj 58%
mtp.layers.0.mlp.experts.gate_up_proj 60%
mtp.layers.0.mlp.experts.gate_up_proj 62%
mtp.layers.0.mlp.experts.gate_up_proj 64%
mtp.layers.0.mlp.experts.gate_up_proj 66%
mtp.layers.0.mlp.experts.gate_up_proj 68%
mtp.layers.0.mlp.experts.gate_up_proj 70%
mtp.layers.0.mlp.experts.gate_up_proj 72%
mtp.layers.0.mlp.experts.gate_up_proj 74%
mtp.layers.0.mlp.experts.gate_up_proj 76%
mtp.layers.0.mlp.experts.gate_up_proj 78%
mtp.layers.0.mlp.experts.gate_up_proj 80%
mtp.layers.0.mlp.experts.gate_up_proj 82%
mtp.layers.0.mlp.experts.gate_up_proj 84%
mtp.layers.0.mlp.experts.gate_up_proj 86%
mtp.layers.0.mlp.experts.gate_up_proj 88%
mtp.layers.0.mlp.experts.gate_up_proj 90%
mtp.layers.0.mlp.experts.gate_up_proj 92%
mtp.layers.0.mlp.experts.gate_up_proj 94%
mtp.layers.0.mlp.experts.gate_up_proj 96%
mtp.layers.0.mlp.experts.gate_up_proj 98%
mtp.layers.0.mlp.experts.gate_up_proj 100%
mtp.layers.0.mlp.gate.weight 100%
mtp.layers.0.mlp.shared_expert.down_proj.weight 100%
mtp.layers.0.mlp.shared_expert.gate_proj.weight 100%
mtp.layers.0.mlp.shared_expert.up_proj.weight 100%
mtp.layers.0.mlp.shared_expert_gate.weight 100%
mtp.layers.0.mlp_hyper_connection.block_inject_weight.weight 100%
mtp.layers.0.mlp_hyper_connection.hc_norm.weight 100%
mtp.layers.0.mlp_hyper_connection.input_mix_weight_down.weight 100%
mtp.layers.0.mlp_hyper_connection.input_mix_weight_up.weight 100%
mtp.layers.0.self_attn.indexer.index_qk_proj.weight 100%
mtp.layers.0.self_attn.indexer.k_layernorm.weight 100%
mtp.layers.0.self_attn.indexer.q_layernorm.weight 100%
mtp.layers.0.self_attn.k_norm.weight 100%
mtp.layers.0.self_attn.k_proj.weight 100%
mtp.layers.0.self_attn.o_proj.weight 100%
mtp.layers.0.self_attn.q_norm.weight 100%
mtp.layers.0.self_attn.q_proj.weight 100%
mtp.layers.0.self_attn.v_proj.weight 100%
mtp.pre_fc_norm_embedding.weight 100%
mtp.pre_fc_norm_hidden.weight 100%
