mtp.fc_embedding.weight: BF16 13.1 MB
mtp.fc_hidden.weight: BF16 13.1 MB
mtp.hyper_connection_mixer.hc_norm.weight: F32 0.0 MB
mtp.hyper_connection_mixer.input_mix_weight_down.weight: BF16 6.6 MB
mtp.hyper_connection_mixer.input_mix_weight_up.weight: BF16 6.6 MB
mtp.layers.0.attn_hyper_connection.block_inject_weight.weight: BF16 0.1 MB
mtp.layers.0.attn_hyper_connection.hc_norm.weight: F32 0.0 MB
mtp.layers.0.attn_hyper_connection.input_mix_weight_down.weight: BF16 6.6 MB
mtp.layers.0.attn_hyper_connection.input_mix_weight_up.weight: BF16 6.6 MB
mtp.layers.0.mlp.experts.down_proj: q2_0 235.9 MB
mtp.layers.0.mlp.experts.gate_up_proj: q2_0 471.9 MB
mtp.layers.0.mlp.gate.weight: BF16 2.6 MB
mtp.layers.0.mlp.shared_expert.down_proj.weight: BF16 3.3 MB
mtp.layers.0.mlp.shared_expert.gate_proj.weight: BF16 3.3 MB
mtp.layers.0.mlp.shared_expert.up_proj.weight: BF16 3.3 MB
mtp.layers.0.mlp.shared_expert_gate.weight: BF16 0.0 MB
mtp.layers.0.mlp_hyper_connection.block_inject_weight.weight: BF16 0.1 MB
mtp.layers.0.mlp_hyper_connection.hc_norm.weight: F32 0.0 MB
mtp.layers.0.mlp_hyper_connection.input_mix_weight_down.weight: BF16 6.6 MB
mtp.layers.0.mlp_hyper_connection.input_mix_weight_up.weight: BF16 6.6 MB
mtp.layers.0.self_attn.indexer.index_qk_proj.weight: BF16 3.3 MB
mtp.layers.0.self_attn.indexer.k_layernorm.weight: F32 0.0 MB
mtp.layers.0.self_attn.indexer.q_layernorm.weight: F32 0.0 MB
mtp.layers.0.self_attn.k_norm.weight: F32 0.0 MB
mtp.layers.0.self_attn.k_proj.weight: BF16 2.6 MB
mtp.layers.0.self_attn.o_proj.weight: BF16 31.5 MB
mtp.layers.0.self_attn.q_norm.weight: F32 0.0 MB
mtp.layers.0.self_attn.q_proj.weight: BF16 62.9 MB
mtp.layers.0.self_attn.v_proj.weight: BF16 2.6 MB
mtp.pre_fc_norm_embedding.weight: F32 0.0 MB
mtp.pre_fc_norm_hidden.weight: F32 0.0 MB
wrote /home/michael/.cache/halo-ai/experiments/strata-2026-10-05/mtp-bf16/mtp-q2_0.gguf: 0.889 GB of tensor data
