          width invariance (1 vs 3 tokens): gate/up 0, down 0 rows differ
          q4_K gate rows, AVX2 multi-token vs ggml vec_dot: 0 of 36 token-sets differ in any bit; 4 tokens one thread 110 us vs ggml 100 us (0.91x)
          q5_1 down rows, AVX2 multi-token vs ggml vec_dot: 0 of 36 token-sets differ in any bit; 4 tokens one thread 203 us vs ggml 202 us (1.00x)
          gpu decode-once vs per-entry kernels: bitwise equal
          GPU dequant vs ggml to_float: rel 0.00e+00, 0 of 4915200 values differ in any bit; fp16 of it: 0 differ; embedding rows: 0 of 640 differ
synthetic q4_K    /q5_1    blob  3072000  cpu rel 1.33e-02  gpu rel 1.24e-02  cpu-gpu 1.54e-02  ok
          width invariance (1 vs 3 tokens): gate/up 0, down 0 rows differ
          q4_K gate rows, AVX2 multi-token vs ggml vec_dot: 0 of 36 token-sets differ in any bit; 4 tokens one thread 111 us vs ggml 100 us (0.90x)
          q8_0 down rows, AVX2 multi-token vs ggml vec_dot: 0 of 36 token-sets differ in any bit; 4 tokens one thread 123 us vs ggml 137 us (1.12x)
          gpu decode-once vs per-entry kernels: bitwise equal
          GPU dequant vs ggml to_float: rel 0.00e+00, 0 of 4915200 values differ in any bit; fp16 of it: 0 differ; embedding rows: 0 of 640 differ
synthetic q4_K    /q8_0    blob  3584000  cpu rel 1.42e-02  gpu rel 1.25e-02  cpu-gpu 1.62e-02  ok
          width invariance (1 vs 3 tokens): gate/up 0, down 0 rows differ
          q8_0 down rows, AVX2 multi-token vs ggml vec_dot: 0 of 36 token-sets differ in any bit; 4 tokens one thread 121 us vs ggml 134 us (1.11x)
          gpu decode-once vs per-entry kernels: bitwise equal
          GPU dequant vs ggml to_float: rel 0.00e+00, 0 of 4915200 values differ in any bit; fp16 of it: 0 differ; embedding rows: 0 of 640 differ
synthetic q5_K    /q8_0    blob  3993600  cpu rel 1.27e-02  gpu rel 1.24e-02  cpu-gpu 1.39e-02  ok
          width invariance (1 vs 3 tokens): gate/up 0, down 0 rows differ
          q8_0 down rows, AVX2 multi-token vs ggml vec_dot: 0 of 36 token-sets differ in any bit; 4 tokens one thread 121 us vs ggml 136 us (1.13x)
          gpu decode-once vs per-entry kernels: bitwise equal
          GPU dequant vs ggml to_float: rel 0.00e+00, 0 of 4915200 values differ in any bit; fp16 of it: 0 differ; embedding rows: 0 of 640 differ
synthetic q8_0    /q8_0    blob  5222400  cpu rel 1.26e-02  gpu rel 1.26e-02  cpu-gpu 1.10e-07  ok
native_expert_parity: 0 failures
